// Bun Snapshot v1, https://bun.sh/docs/test/snapshots

exports[`telegram adapter snapshot 1`] = `
{
  "chat_id": "12345",
  "parse_mode": "MarkdownV2",
  "text": 
"🔴 *CRITICAL: Failed mutations*

*Host:* prod\\-1 \\(id 2\\)
*Metric:* failed\\-mutations
*Value:* 7
*Thresholds:* warn 1 \\| crit 5
*Detail:* 7 failed mutations

*Runbooks:*
• https://docs\\.example\\.com/runbook/mutations

_2026\\-07\\-02T10:00:00\\.000Z_"
,
}
`;

exports[`slack adapter snapshot 1`] = `
{
  "attachments": [
    {
      "blocks": [
        {
          "text": {
            "emoji": true,
            "text": "🔴 CRITICAL: Failed mutations",
            "type": "plain_text",
          },
          "type": "header",
        },
        {
          "fields": [
            {
              "text": 
"*Host:*
prod-1 (id 2)"
,
              "type": "mrkdwn",
            },
            {
              "text": 
"*Metric:*
failed-mutations"
,
              "type": "mrkdwn",
            },
            {
              "text": 
"*Value:*
7"
,
              "type": "mrkdwn",
            },
            {
              "text": 
"*Thresholds:*
warn 1 | crit 5"
,
              "type": "mrkdwn",
            },
          ],
          "type": "section",
        },
        {
          "text": {
            "text": "*Detail:* 7 failed mutations",
            "type": "mrkdwn",
          },
          "type": "section",
        },
        {
          "text": {
            "text": 
"*Runbooks:*
• <https://docs.example.com/runbook/mutations>"
,
            "type": "mrkdwn",
          },
          "type": "section",
        },
        {
          "elements": [
            {
              "text": "2026-07-02T10:00:00.000Z",
              "type": "mrkdwn",
            },
          ],
          "type": "context",
        },
      ],
      "color": "#dc2626",
    },
  ],
  "text": "[CRITICAL] Failed mutations — 7 failed mutations (host prod-1)",
}
`;

exports[`discord adapter snapshot 1`] = `
{
  "content": "[CRITICAL] Failed mutations — 7 failed mutations (host prod-1)",
  "embeds": [
    {
      "color": 14427686,
      "description": "7 failed mutations",
      "fields": [
        {
          "inline": true,
          "name": "Host",
          "value": "prod-1 (id 2)",
        },
        {
          "inline": true,
          "name": "Metric",
          "value": "failed-mutations",
        },
        {
          "inline": true,
          "name": "Value",
          "value": "7",
        },
        {
          "inline": true,
          "name": "Thresholds",
          "value": "warn 1 | crit 5",
        },
        {
          "name": "Runbooks",
          "value": "• https://docs.example.com/runbook/mutations",
        },
      ],
      "timestamp": "2026-07-02T10:00:00.000Z",
      "title": "🔴 CRITICAL: Failed mutations",
    },
  ],
}
`;

exports[`pagerduty adapter snapshot 1`] = `
{
  "dedup_key": "chmonitor:2:failed-mutations",
  "event_action": "trigger",
  "links": [
    {
      "href": "https://docs.example.com/runbook/mutations",
      "text": "Runbook",
    },
  ],
  "payload": {
    "component": "failed-mutations",
    "custom_details": {
      "critThreshold": 5,
      "hostId": 2,
      "hostLabel": "prod-1",
      "label": "7 failed mutations",
      "metric": "failed-mutations",
      "snapshot": null,
      "value": 7,
      "warnThreshold": 1,
    },
    "severity": "critical",
    "source": "prod-1",
    "summary": "Failed mutations — 7 failed mutations (host prod-1)",
    "timestamp": "2026-07-02T10:00:00.000Z",
  },
  "routing_key": "R123",
}
`;

exports[`generic-json adapter snapshot 1`] = `
{
  "host": {
    "id": 2,
    "label": "prod-1",
  },
  "label": "7 failed mutations",
  "metric": "failed-mutations",
  "runbookUrls": [
    "https://docs.example.com/runbook/mutations",
  ],
  "severity": "critical",
  "text": "[CRITICAL] Failed mutations — 7 failed mutations (host prod-1)",
  "thresholds": {
    "critical": 5,
    "warning": 1,
  },
  "timestamp": "2026-07-02T10:00:00.000Z",
  "title": "Failed mutations",
  "value": 7,
}
`;
